// Jest Snapshot v1, https://goo.gl/fbAQLP

exports[`custom matchers All calls and the name of the mock is written as a snapshot 1`] = `
[MockFunction] {
  "calls": Array [
    Array [],
  ],
  "results": Array [
    Object {
      "type": "return",
      "value": undefined,
    },
  ],
}
`;
